[2023-05-21T20:03:45.356+0300][gc,init] CardTable entry size: 512
[2023-05-21T20:03:45.357+0300][gc     ] Using G1
[2023-05-21T20:03:45.361+0300][gc,init] Version: 19.0.1+10-21 (release)
[2023-05-21T20:03:45.361+0300][gc,init] CPUs: 8 total, 8 available
[2023-05-21T20:03:45.361+0300][gc,init] Memory: 16384M
[2023-05-21T20:03:45.361+0300][gc,init] Large Page Support: Disabled
[2023-05-21T20:03:45.361+0300][gc,init] NUMA Support: Disabled
[2023-05-21T20:03:45.361+0300][gc,init] Compressed Oops: Enabled (Zero based)
[2023-05-21T20:03:45.361+0300][gc,init] Heap Region Size: 1M
[2023-05-21T20:03:45.361+0300][gc,init] Heap Min Capacity: 1G
[2023-05-21T20:03:45.361+0300][gc,init] Heap Initial Capacity: 1G
[2023-05-21T20:03:45.361+0300][gc,init] Heap Max Capacity: 1G
[2023-05-21T20:03:45.361+0300][gc,init] Pre-touch: Disabled
[2023-05-21T20:03:45.361+0300][gc,init] Parallel Workers: 8
[2023-05-21T20:03:45.361+0300][gc,init] Concurrent Workers: 2
[2023-05-21T20:03:45.361+0300][gc,init] Concurrent Refinement Workers: 8
[2023-05-21T20:03:45.361+0300][gc,init] Periodic GC: Disabled
[2023-05-21T20:03:45.361+0300][gc,metaspace] CDS archive(s) mapped at: [0x0000000800000000-0x0000000800c44000-0x0000000800c44000), size 12861440, SharedBaseAddress: 0x0000000800000000, ArchiveRelocationMode: 0.
[2023-05-21T20:03:45.361+0300][gc,metaspace] Compressed class space mapped at: 0x0000000801000000-0x0000000841000000, reserved size: 1073741824
[2023-05-21T20:03:45.361+0300][gc,metaspace] Narrow klass base: 0x0000000800000000, Narrow klass shift: 0, Narrow klass range: 0x100000000
[2023-05-21T20:03:47.298+0300][gc,start    ] GC(0) Pause Young (Normal) (G1 Evacuation Pause)
[2023-05-21T20:03:47.298+0300][gc,task     ] GC(0) Using 8 workers of 8 for evacuation
[2023-05-21T20:03:47.312+0300][gc,phases   ] GC(0)   Pre Evacuate Collection Set: 0.1ms
[2023-05-21T20:03:47.312+0300][gc,phases   ] GC(0)   Merge Heap Roots: 0.1ms
[2023-05-21T20:03:47.312+0300][gc,phases   ] GC(0)   Evacuate Collection Set: 12.2ms
[2023-05-21T20:03:47.312+0300][gc,phases   ] GC(0)   Post Evacuate Collection Set: 0.4ms
[2023-05-21T20:03:47.312+0300][gc,phases   ] GC(0)   Other: 0.5ms
[2023-05-21T20:03:47.312+0300][gc,heap     ] GC(0) Eden regions: 51->0(44)
[2023-05-21T20:03:47.312+0300][gc,heap     ] GC(0) Survivor regions: 0->7(7)
[2023-05-21T20:03:47.312+0300][gc,heap     ] GC(0) Old regions: 0->1
[2023-05-21T20:03:47.312+0300][gc,heap     ] GC(0) Archive regions: 2->2
[2023-05-21T20:03:47.312+0300][gc,heap     ] GC(0) Humongous regions: 0->0
[2023-05-21T20:03:47.312+0300][gc,metaspace] GC(0) Metaspace: 18896K(19136K)->18896K(19136K) NonClass: 16523K(16640K)->16523K(16640K) Class: 2372K(2496K)->2372K(2496K)
[2023-05-21T20:03:47.312+0300][gc          ] GC(0) Pause Young (Normal) (G1 Evacuation Pause) 51M->8M(1024M) 13.609ms
[2023-05-21T20:03:47.312+0300][gc,cpu      ] GC(0) User=0.03s Sys=0.01s Real=0.02s
[2023-05-21T20:03:47.607+0300][gc,start    ] GC(1) Pause Young (Concurrent Start) (Metadata GC Threshold)
[2023-05-21T20:03:47.607+0300][gc,task     ] GC(1) Using 8 workers of 8 for evacuation
[2023-05-21T20:03:47.615+0300][gc,phases   ] GC(1)   Pre Evacuate Collection Set: 0.2ms
[2023-05-21T20:03:47.615+0300][gc,phases   ] GC(1)   Merge Heap Roots: 0.0ms
[2023-05-21T20:03:47.615+0300][gc,phases   ] GC(1)   Evacuate Collection Set: 7.5ms
[2023-05-21T20:03:47.615+0300][gc,phases   ] GC(1)   Post Evacuate Collection Set: 0.2ms
[2023-05-21T20:03:47.615+0300][gc,phases   ] GC(1)   Other: 0.0ms
[2023-05-21T20:03:47.615+0300][gc,heap     ] GC(1) Eden regions: 9->0(50)
[2023-05-21T20:03:47.615+0300][gc,heap     ] GC(1) Survivor regions: 7->1(7)
[2023-05-21T20:03:47.615+0300][gc,heap     ] GC(1) Old regions: 1->8
[2023-05-21T20:03:47.615+0300][gc,heap     ] GC(1) Archive regions: 2->2
[2023-05-21T20:03:47.615+0300][gc,heap     ] GC(1) Humongous regions: 0->0
[2023-05-21T20:03:47.615+0300][gc,metaspace] GC(1) Metaspace: 21303K(21504K)->21303K(21504K) NonClass: 18591K(18688K)->18591K(18688K) Class: 2711K(2816K)->2711K(2816K)
[2023-05-21T20:03:47.615+0300][gc          ] GC(1) Pause Young (Concurrent Start) (Metadata GC Threshold) 17M->9M(1024M) 8.143ms
[2023-05-21T20:03:47.615+0300][gc,cpu      ] GC(1) User=0.02s Sys=0.01s Real=0.01s
[2023-05-21T20:03:47.615+0300][gc          ] GC(2) Concurrent Mark Cycle
[2023-05-21T20:03:47.615+0300][gc,marking  ] GC(2) Concurrent Clear Claimed Marks
[2023-05-21T20:03:47.616+0300][gc,marking  ] GC(2) Concurrent Clear Claimed Marks 0.014ms
[2023-05-21T20:03:47.616+0300][gc,marking  ] GC(2) Concurrent Scan Root Regions
[2023-05-21T20:03:47.617+0300][gc,marking  ] GC(2) Concurrent Scan Root Regions 1.965ms
[2023-05-21T20:03:47.618+0300][gc,marking  ] GC(2) Concurrent Mark
[2023-05-21T20:03:47.618+0300][gc,marking  ] GC(2) Concurrent Mark From Roots
[2023-05-21T20:03:47.618+0300][gc,task     ] GC(2) Using 2 workers of 2 for marking
[2023-05-21T20:03:47.620+0300][gc,marking  ] GC(2) Concurrent Mark From Roots 1.790ms
[2023-05-21T20:03:47.620+0300][gc,marking  ] GC(2) Concurrent Preclean
[2023-05-21T20:03:47.620+0300][gc,marking  ] GC(2) Concurrent Preclean 0.013ms
[2023-05-21T20:03:47.621+0300][gc,start    ] GC(2) Pause Remark
[2023-05-21T20:03:47.626+0300][gc          ] GC(2) Pause Remark 9M->9M(1024M) 5.552ms
[2023-05-21T20:03:47.626+0300][gc,cpu      ] GC(2) User=0.00s Sys=0.01s Real=0.00s
[2023-05-21T20:03:47.626+0300][gc,marking  ] GC(2) Concurrent Mark 8.525ms
[2023-05-21T20:03:47.626+0300][gc,marking  ] GC(2) Concurrent Rebuild Remembered Sets
[2023-05-21T20:03:47.628+0300][gc,marking  ] GC(2) Concurrent Rebuild Remembered Sets 2.127ms
[2023-05-21T20:03:47.628+0300][gc,start    ] GC(2) Pause Cleanup
[2023-05-21T20:03:47.629+0300][gc          ] GC(2) Pause Cleanup 9M->9M(1024M) 0.080ms
[2023-05-21T20:03:47.629+0300][gc,cpu      ] GC(2) User=0.00s Sys=0.00s Real=0.00s
[2023-05-21T20:03:47.629+0300][gc,marking  ] GC(2) Concurrent Cleanup for Next Mark
[2023-05-21T20:03:47.632+0300][gc,marking  ] GC(2) Concurrent Cleanup for Next Mark 3.075ms
[2023-05-21T20:03:47.632+0300][gc          ] GC(2) Concurrent Mark Cycle 16.369ms
[2023-05-21T20:03:48.543+0300][gc,start    ] GC(3) Pause Young (Normal) (G1 Evacuation Pause)
[2023-05-21T20:03:48.543+0300][gc,task     ] GC(3) Using 8 workers of 8 for evacuation
[2023-05-21T20:03:48.546+0300][gc,phases   ] GC(3)   Pre Evacuate Collection Set: 0.2ms
[2023-05-21T20:03:48.546+0300][gc,phases   ] GC(3)   Merge Heap Roots: 0.0ms
[2023-05-21T20:03:48.546+0300][gc,phases   ] GC(3)   Evacuate Collection Set: 2.5ms
[2023-05-21T20:03:48.546+0300][gc,phases   ] GC(3)   Post Evacuate Collection Set: 0.2ms
[2023-05-21T20:03:48.546+0300][gc,phases   ] GC(3)   Other: 0.1ms
[2023-05-21T20:03:48.546+0300][gc,heap     ] GC(3) Eden regions: 50->0(45)
[2023-05-21T20:03:48.546+0300][gc,heap     ] GC(3) Survivor regions: 1->6(7)
[2023-05-21T20:03:48.546+0300][gc,heap     ] GC(3) Old regions: 8->8
[2023-05-21T20:03:48.546+0300][gc,heap     ] GC(3) Archive regions: 2->2
[2023-05-21T20:03:48.546+0300][gc,heap     ] GC(3) Humongous regions: 129->129
[2023-05-21T20:03:48.546+0300][gc,metaspace] GC(3) Metaspace: 33429K(33728K)->33429K(33728K) NonClass: 29549K(29696K)->29549K(29696K) Class: 3879K(4032K)->3879K(4032K)
[2023-05-21T20:03:48.546+0300][gc          ] GC(3) Pause Young (Normal) (G1 Evacuation Pause) 188M->142M(1024M) 3.194ms
[2023-05-21T20:03:48.546+0300][gc,cpu      ] GC(3) User=0.01s Sys=0.00s Real=0.00s
[2023-05-21T20:04:17.698+0300][gc,start    ] GC(4) Pause Young (Concurrent Start) (Metadata GC Threshold)
[2023-05-21T20:04:17.698+0300][gc,task     ] GC(4) Using 8 workers of 8 for evacuation
[2023-05-21T20:04:17.706+0300][gc,phases   ] GC(4)   Pre Evacuate Collection Set: 0.2ms
[2023-05-21T20:04:17.706+0300][gc,phases   ] GC(4)   Merge Heap Roots: 0.1ms
[2023-05-21T20:04:17.706+0300][gc,phases   ] GC(4)   Evacuate Collection Set: 7.4ms
[2023-05-21T20:04:17.706+0300][gc,phases   ] GC(4)   Post Evacuate Collection Set: 0.5ms
[2023-05-21T20:04:17.706+0300][gc,phases   ] GC(4)   Other: 0.2ms
[2023-05-21T20:04:17.706+0300][gc,heap     ] GC(4) Eden regions: 12->0(50)
[2023-05-21T20:04:17.707+0300][gc,heap     ] GC(4) Survivor regions: 6->1(7)
[2023-05-21T20:04:17.707+0300][gc,heap     ] GC(4) Old regions: 8->13
[2023-05-21T20:04:17.707+0300][gc,heap     ] GC(4) Archive regions: 2->2
[2023-05-21T20:04:17.707+0300][gc,heap     ] GC(4) Humongous regions: 129->129
[2023-05-21T20:04:17.707+0300][gc,metaspace] GC(4) Metaspace: 35681K(35968K)->35681K(35968K) NonClass: 31447K(31616K)->31447K(31616K) Class: 4233K(4352K)->4233K(4352K)
[2023-05-21T20:04:17.707+0300][gc          ] GC(4) Pause Young (Concurrent Start) (Metadata GC Threshold) 154M->143M(1024M) 8.814ms
[2023-05-21T20:04:17.707+0300][gc,cpu      ] GC(4) User=0.03s Sys=0.02s Real=0.01s
[2023-05-21T20:04:17.707+0300][gc          ] GC(5) Concurrent Mark Cycle
[2023-05-21T20:04:17.707+0300][gc,marking  ] GC(5) Concurrent Clear Claimed Marks
[2023-05-21T20:04:17.707+0300][gc,marking  ] GC(5) Concurrent Clear Claimed Marks 0.033ms
[2023-05-21T20:04:17.707+0300][gc,marking  ] GC(5) Concurrent Scan Root Regions
[2023-05-21T20:04:17.710+0300][gc,marking  ] GC(5) Concurrent Scan Root Regions 3.658ms
[2023-05-21T20:04:17.711+0300][gc,marking  ] GC(5) Concurrent Mark
[2023-05-21T20:04:17.711+0300][gc,marking  ] GC(5) Concurrent Mark From Roots
[2023-05-21T20:04:17.711+0300][gc,task     ] GC(5) Using 2 workers of 2 for marking
[2023-05-21T20:04:17.717+0300][gc,marking  ] GC(5) Concurrent Mark From Roots 6.806ms
[2023-05-21T20:04:17.717+0300][gc,marking  ] GC(5) Concurrent Preclean
[2023-05-21T20:04:17.717+0300][gc,marking  ] GC(5) Concurrent Preclean 0.041ms
[2023-05-21T20:04:17.718+0300][gc,start    ] GC(5) Pause Remark
[2023-05-21T20:04:17.736+0300][gc          ] GC(5) Pause Remark 143M->143M(1024M) 17.953ms
[2023-05-21T20:04:17.736+0300][gc,cpu      ] GC(5) User=0.02s Sys=0.02s Real=0.02s
[2023-05-21T20:04:17.736+0300][gc,marking  ] GC(5) Concurrent Mark 25.344ms
[2023-05-21T20:04:17.736+0300][gc,marking  ] GC(5) Concurrent Rebuild Remembered Sets
[2023-05-21T20:04:17.740+0300][gc,marking  ] GC(5) Concurrent Rebuild Remembered Sets 4.590ms
[2023-05-21T20:04:17.741+0300][gc,start    ] GC(5) Pause Cleanup
[2023-05-21T20:04:17.741+0300][gc          ] GC(5) Pause Cleanup 143M->143M(1024M) 0.116ms
[2023-05-21T20:04:17.742+0300][gc,cpu      ] GC(5) User=0.00s Sys=0.00s Real=0.00s
[2023-05-21T20:04:17.742+0300][gc,marking  ] GC(5) Concurrent Cleanup for Next Mark
[2023-05-21T20:04:17.747+0300][gc,marking  ] GC(5) Concurrent Cleanup for Next Mark 5.127ms
[2023-05-21T20:04:17.747+0300][gc          ] GC(5) Concurrent Mark Cycle 40.268ms
[2023-05-21T20:36:37.509+0300][gc,start    ] GC(6) Pause Young (Normal) (G1 Evacuation Pause)
[2023-05-21T20:36:37.509+0300][gc,task     ] GC(6) Using 8 workers of 8 for evacuation
[2023-05-21T20:36:37.516+0300][gc,phases   ] GC(6)   Pre Evacuate Collection Set: 0.3ms
[2023-05-21T20:36:37.516+0300][gc,phases   ] GC(6)   Merge Heap Roots: 0.2ms
[2023-05-21T20:36:37.516+0300][gc,phases   ] GC(6)   Evacuate Collection Set: 5.7ms
[2023-05-21T20:36:37.516+0300][gc,phases   ] GC(6)   Post Evacuate Collection Set: 0.6ms
[2023-05-21T20:36:37.516+0300][gc,phases   ] GC(6)   Other: 0.1ms
[2023-05-21T20:36:37.516+0300][gc,heap     ] GC(6) Eden regions: 50->0(47)
[2023-05-21T20:36:37.516+0300][gc,heap     ] GC(6) Survivor regions: 1->4(7)
[2023-05-21T20:36:37.516+0300][gc,heap     ] GC(6) Old regions: 13->13
[2023-05-21T20:36:37.516+0300][gc,heap     ] GC(6) Archive regions: 2->2
[2023-05-21T20:36:37.516+0300][gc,heap     ] GC(6) Humongous regions: 129->129
[2023-05-21T20:36:37.516+0300][gc,metaspace] GC(6) Metaspace: 41241K(41856K)->41241K(41856K) NonClass: 36141K(36544K)->36141K(36544K) Class: 5099K(5312K)->5099K(5312K)
[2023-05-21T20:36:37.516+0300][gc          ] GC(6) Pause Young (Normal) (G1 Evacuation Pause) 193M->145M(1024M) 7.335ms
[2023-05-21T20:36:37.516+0300][gc,cpu      ] GC(6) User=0.02s Sys=0.02s Real=0.01s
[2023-05-21T21:50:50.819+0300][gc,start    ] GC(7) Pause Young (Normal) (G1 Evacuation Pause)
[2023-05-21T21:50:50.819+0300][gc,task     ] GC(7) Using 8 workers of 8 for evacuation
[2023-05-21T21:50:50.864+0300][gc,mmu      ] GC(7) MMU target violated: 21.0ms (20.0ms/21.0ms)
[2023-05-21T21:50:50.864+0300][gc,phases   ] GC(7)   Pre Evacuate Collection Set: 0.5ms
[2023-05-21T21:50:50.864+0300][gc,phases   ] GC(7)   Merge Heap Roots: 0.2ms
[2023-05-21T21:50:50.864+0300][gc,phases   ] GC(7)   Evacuate Collection Set: 43.4ms
[2023-05-21T21:50:50.864+0300][gc,phases   ] GC(7)   Post Evacuate Collection Set: 0.9ms
[2023-05-21T21:50:50.865+0300][gc,phases   ] GC(7)   Other: 0.3ms
[2023-05-21T21:50:50.865+0300][gc,heap     ] GC(7) Eden regions: 47->0(46)
[2023-05-21T21:50:50.865+0300][gc,heap     ] GC(7) Survivor regions: 4->5(7)
[2023-05-21T21:50:50.865+0300][gc,heap     ] GC(7) Old regions: 13->13
[2023-05-21T21:50:50.865+0300][gc,heap     ] GC(7) Archive regions: 2->2
[2023-05-21T21:50:50.865+0300][gc,heap     ] GC(7) Humongous regions: 129->129
[2023-05-21T21:50:50.865+0300][gc,metaspace] GC(7) Metaspace: 42898K(43584K)->42898K(43584K) NonClass: 37667K(38016K)->37667K(38016K) Class: 5231K(5568K)->5231K(5568K)
[2023-05-21T21:50:50.865+0300][gc          ] GC(7) Pause Young (Normal) (G1 Evacuation Pause) 192M->147M(1024M) 45.892ms
[2023-05-21T21:50:50.865+0300][gc,cpu      ] GC(7) User=0.06s Sys=0.07s Real=0.05s
[2023-06-12T12:52:55.962+0300][gc,start    ] GC(8) Pause Young (Normal) (G1 Evacuation Pause)
[2023-06-12T12:52:55.964+0300][gc,task     ] GC(8) Using 8 workers of 8 for evacuation
[2023-06-12T12:52:55.997+0300][gc,mmu      ] GC(8) MMU target violated: 21.0ms (20.0ms/21.0ms)
[2023-06-12T12:52:55.997+0300][gc,phases   ] GC(8)   Pre Evacuate Collection Set: 1.1ms
[2023-06-12T12:52:55.997+0300][gc,phases   ] GC(8)   Merge Heap Roots: 0.3ms
[2023-06-12T12:52:55.997+0300][gc,phases   ] GC(8)   Evacuate Collection Set: 30.4ms
[2023-06-12T12:52:55.997+0300][gc,phases   ] GC(8)   Post Evacuate Collection Set: 1.2ms
[2023-06-12T12:52:55.997+0300][gc,phases   ] GC(8)   Other: 0.6ms
[2023-06-12T12:52:55.997+0300][gc,heap     ] GC(8) Eden regions: 46->0(49)
[2023-06-12T12:52:55.997+0300][gc,heap     ] GC(8) Survivor regions: 5->2(7)
[2023-06-12T12:52:55.997+0300][gc,heap     ] GC(8) Old regions: 13->16
[2023-06-12T12:52:55.997+0300][gc,heap     ] GC(8) Archive regions: 2->2
[2023-06-12T12:52:55.997+0300][gc,heap     ] GC(8) Humongous regions: 129->129
[2023-06-12T12:52:55.997+0300][gc,metaspace] GC(8) Metaspace: 43297K(43968K)->43297K(43968K) NonClass: 38023K(38400K)->38023K(38400K) Class: 5274K(5568K)->5274K(5568K)
[2023-06-12T12:52:55.997+0300][gc          ] GC(8) Pause Young (Normal) (G1 Evacuation Pause) 193M->147M(1024M) 35.333ms
[2023-06-12T12:52:55.997+0300][gc,cpu      ] GC(8) User=0.05s Sys=0.04s Real=0.03s
[2023-06-12T14:00:04.158+0300][gc,start    ] GC(9) Pause Young (Normal) (G1 Evacuation Pause)
[2023-06-12T14:00:04.160+0300][gc,task     ] GC(9) Using 8 workers of 8 for evacuation
[2023-06-12T14:00:04.177+0300][gc,phases   ] GC(9)   Pre Evacuate Collection Set: 0.5ms
[2023-06-12T14:00:04.177+0300][gc,phases   ] GC(9)   Merge Heap Roots: 0.2ms
[2023-06-12T14:00:04.177+0300][gc,phases   ] GC(9)   Evacuate Collection Set: 15.4ms
[2023-06-12T14:00:04.177+0300][gc,phases   ] GC(9)   Post Evacuate Collection Set: 0.8ms
[2023-06-12T14:00:04.177+0300][gc,phases   ] GC(9)   Other: 0.4ms
[2023-06-12T14:00:04.177+0300][gc,heap     ] GC(9) Eden regions: 49->0(66)
[2023-06-12T14:00:04.177+0300][gc,heap     ] GC(9) Survivor regions: 2->2(7)
[2023-06-12T14:00:04.177+0300][gc,heap     ] GC(9) Old regions: 16->16
[2023-06-12T14:00:04.177+0300][gc,heap     ] GC(9) Archive regions: 2->2
[2023-06-12T14:00:04.177+0300][gc,heap     ] GC(9) Humongous regions: 129->129
[2023-06-12T14:00:04.177+0300][gc,metaspace] GC(9) Metaspace: 43435K(44096K)->43435K(44096K) NonClass: 38161K(38528K)->38161K(38528K) Class: 5274K(5568K)->5274K(5568K)
[2023-06-12T14:00:04.177+0300][gc          ] GC(9) Pause Young (Normal) (G1 Evacuation Pause) 196M->147M(1024M) 19.298ms
[2023-06-12T14:00:04.177+0300][gc,cpu      ] GC(9) User=0.03s Sys=0.02s Real=0.02s
[2023-06-12T18:40:35.214+0300][gc,start    ] GC(10) Pause Young (Normal) (G1 Evacuation Pause)
[2023-06-12T18:40:35.215+0300][gc,task     ] GC(10) Using 8 workers of 8 for evacuation
[2023-06-12T18:40:35.232+0300][gc,phases   ] GC(10)   Pre Evacuate Collection Set: 1.0ms
[2023-06-12T18:40:35.232+0300][gc,phases   ] GC(10)   Merge Heap Roots: 0.2ms
[2023-06-12T18:40:35.232+0300][gc,phases   ] GC(10)   Evacuate Collection Set: 14.4ms
[2023-06-12T18:40:35.232+0300][gc,phases   ] GC(10)   Post Evacuate Collection Set: 0.8ms
[2023-06-12T18:40:35.232+0300][gc,phases   ] GC(10)   Other: 0.4ms
[2023-06-12T18:40:35.232+0300][gc,heap     ] GC(10) Eden regions: 66->0(524)
[2023-06-12T18:40:35.232+0300][gc,heap     ] GC(10) Survivor regions: 2->2(9)
[2023-06-12T18:40:35.232+0300][gc,heap     ] GC(10) Old regions: 16->16
[2023-06-12T18:40:35.232+0300][gc,heap     ] GC(10) Archive regions: 2->2
[2023-06-12T18:40:35.232+0300][gc,heap     ] GC(10) Humongous regions: 129->129
[2023-06-12T18:40:35.232+0300][gc,metaspace] GC(10) Metaspace: 43464K(44096K)->43464K(44096K) NonClass: 38189K(38528K)->38189K(38528K) Class: 5274K(5568K)->5274K(5568K)
[2023-06-12T18:40:35.232+0300][gc          ] GC(10) Pause Young (Normal) (G1 Evacuation Pause) 213M->147M(1024M) 18.720ms
[2023-06-12T18:40:35.232+0300][gc,cpu      ] GC(10) User=0.03s Sys=0.02s Real=0.02s
[2023-06-27T23:01:46.629+0300][gc,heap,exit] Heap
[2023-06-27T23:01:46.629+0300][gc,heap,exit]  garbage-first heap   total 1048576K, used 515254K [0x00000007c0000000, 0x0000000800000000)
[2023-06-27T23:01:46.629+0300][gc,heap,exit]   region size 1024K, 358 young (366592K), 2 survivors (2048K)
[2023-06-27T23:01:46.629+0300][gc,heap,exit]  Metaspace       used 43627K, committed 44352K, reserved 1114112K
[2023-06-27T23:01:46.629+0300][gc,heap,exit]   class space    used 5297K, committed 5632K, reserved 1048576K
