[2023-05-21T20:01:09.637+0300][gc,init] CardTable entry size: 512
[2023-05-21T20:01:09.637+0300][gc     ] Using G1
[2023-05-21T20:01:09.640+0300][gc,init] Version: 19.0.1+10-21 (release)
[2023-05-21T20:01:09.640+0300][gc,init] CPUs: 8 total, 8 available
[2023-05-21T20:01:09.640+0300][gc,init] Memory: 16384M
[2023-05-21T20:01:09.640+0300][gc,init] Large Page Support: Disabled
[2023-05-21T20:01:09.640+0300][gc,init] NUMA Support: Disabled
[2023-05-21T20:01:09.640+0300][gc,init] Compressed Oops: Enabled (Zero based)
[2023-05-21T20:01:09.640+0300][gc,init] Heap Region Size: 1M
[2023-05-21T20:01:09.640+0300][gc,init] Heap Min Capacity: 512M
[2023-05-21T20:01:09.640+0300][gc,init] Heap Initial Capacity: 512M
[2023-05-21T20:01:09.640+0300][gc,init] Heap Max Capacity: 512M
[2023-05-21T20:01:09.640+0300][gc,init] Pre-touch: Disabled
[2023-05-21T20:01:09.640+0300][gc,init] Parallel Workers: 8
[2023-05-21T20:01:09.640+0300][gc,init] Concurrent Workers: 2
[2023-05-21T20:01:09.640+0300][gc,init] Concurrent Refinement Workers: 8
[2023-05-21T20:01:09.640+0300][gc,init] Periodic GC: Disabled
[2023-05-21T20:01:09.640+0300][gc,metaspace] CDS archive(s) mapped at: [0x0000000800000000-0x0000000800c44000-0x0000000800c44000), size 12861440, SharedBaseAddress: 0x0000000800000000, ArchiveRelocationMode: 0.
[2023-05-21T20:01:09.640+0300][gc,metaspace] Compressed class space mapped at: 0x0000000801000000-0x0000000841000000, reserved size: 1073741824
[2023-05-21T20:01:09.640+0300][gc,metaspace] Narrow klass base: 0x0000000800000000, Narrow klass shift: 0, Narrow klass range: 0x100000000
[2023-05-21T20:01:10.578+0300][gc,heap,exit] Heap
[2023-05-21T20:01:10.578+0300][gc,heap,exit]  garbage-first heap   total 524288K, used 18384K [0x00000007e0000000, 0x0000000800000000)
[2023-05-21T20:01:10.578+0300][gc,heap,exit]   region size 1024K, 17 young (17408K), 0 survivors (0K)
[2023-05-21T20:01:10.578+0300][gc,heap,exit]  Metaspace       used 6705K, committed 6976K, reserved 1114112K
[2023-05-21T20:01:10.578+0300][gc,heap,exit]   class space    used 704K, committed 832K, reserved 1048576K
